
> mcp-ollama-consult@1.0.0 build
> tsc

